# 'plugins/Infomap/example/ninetriangles.net plugins/Infomap/example/.' -> 27 nodes partitioned in 0s from codelength 4.745436834 in one level to codelength 3.462273138 in 3 levels.
# path flow name node:
1:1:1 0.0384615 "4" 4
1:1:2 0.0384615 "5" 5
1:1:3 0.0384615 "6" 6
1:2:1 0.0384615 "7" 7
1:2:2 0.0384615 "8" 8
1:2:3 0.0384615 "9" 9
1:3:1 0.0384615 "1" 1
1:3:2 0.0384615 "3" 3
1:3:3 0.025641 "2" 2
2:1:1 0.0384615 "19" 19
2:1:2 0.0384615 "20" 20
2:1:3 0.0384615 "21" 21
2:2:1 0.0384615 "22" 22
2:2:2 0.0384615 "23" 23
2:2:3 0.0384615 "24" 24
2:3:1 0.0384615 "25" 25
2:3:2 0.0384615 "26" 26
2:3:3 0.025641 "27" 27
3:1 0.0384615 "10" 10
3:2 0.0384615 "11" 11
3:3 0.0384615 "12" 12
4:1 0.0384615 "16" 16
4:2 0.0384615 "17" 17
4:3 0.0384615 "18" 18
5:1 0.0384615 "13" 13
5:2 0.0384615 "15" 15
5:3 0.025641 "14" 14
