"","avg.weight","coherence","cor.cor","cor.degree","cor.contrib","avg.cor","avg.contrib"
"1",9.99900009999e-05,9.99900009999e-05,9.99900009999e-05,9.99900009999e-05,9.99900009999e-05,9.99900009999e-05,9.99900009999e-05
"2",0.981201879812019,0.971802819718028,0.0080991900809919,0.558544145585441,0.0027997200279972,0.0136986301369863,0.004999500049995
"3",0.987701229877012,0.984401559844016,0.414958504149585,0.808319168083192,0.716028397160284,0.991400859914009,0.876412358764124
"4",9.99900009999e-05,9.99900009999e-05,9.99900009999e-05,9.99900009999e-05,0.0003999600039996,9.99900009999e-05,9.99900009999e-05
