"","avg.weight","coherence","cor.cor","cor.degree","cor.contrib","avg.cor","avg.contrib"
"1",0.161069392998697,0.618768776164087,0.784485727125916,0.908439932336019,0.879500643830271,0.550004272483943,0.760847765485941
"2",0.0018729277290768,0.135906328271444,0.172703122039564,-0.0354277249093933,0.539050368077103,0.0340409215770038,0.231248264672284
"3",0.00195747493848017,0.126328031163775,0.0112122307488136,-0.17179855003109,-0.107494366229634,-0.00763186671439507,0.0541279408070444
"4",0.0462914886713702,0.487117886102328,0.326106671147541,0.681224455208541,0.525196472021227,0.442614172842788,0.682391360252006
